生成启动时间为 2024/12/24 15:35:28。
     1>项目“D:\projrckts\hello\hello\hello.vcxproj”在节点 2 上(build 个目标)。
     1>PrepareForBuild:
         正在创建目录“D:\projrckts\hello\Release\”。
       InitializeBuildStatus:
         正在创建“Release\hello.unsuccessfulbuild”，因为已指定“AlwaysCreate”。
       ClCompile:
         D:\VCExpress\VC\bin\CL.exe /c /Zi /nologo /W3 /WX- /O2 /Oi /Oy- /GL /D WIN32 /D NDEBUG /D _CONSOLE /D _UNICODE /D UNICODE /Gm- /EHsc /MD /GS /Gy /fp:precise /Zc:wchar_t /Zc:forScope /Fo"Release\\" /Fd"Release\vc100.pdb" /Gd /TC /analyze- /errorReport:prompt cff.c
         cff.c
     1>cff.c(18): error C2143: 语法错误 : 缺少“;”(在“类型”的前面)
     1>cff.c(18): error C2143: 语法错误 : 缺少“;”(在“类型”的前面)
     1>cff.c(18): error C2143: 语法错误 : 缺少“)”(在“类型”的前面)
     1>cff.c(18): error C2143: 语法错误 : 缺少“;”(在“类型”的前面)
     1>cff.c(18): error C2065: “i”: 未声明的标识符
     1>cff.c(18): warning C4552: “<”: 运算符不起任何作用；应输入带副作用的运算符
     1>cff.c(18): error C2065: “i”: 未声明的标识符
     1>cff.c(18): error C2059: 语法错误:“)”
     1>cff.c(18): error C2143: 语法错误 : 缺少“;”(在“{”的前面)
     1>cff.c(32): error C2143: 语法错误 : 缺少“;”(在“类型”的前面)
     1>cff.c(32): error C2143: 语法错误 : 缺少“;”(在“类型”的前面)
     1>cff.c(32): error C2143: 语法错误 : 缺少“)”(在“类型”的前面)
     1>cff.c(32): error C2143: 语法错误 : 缺少“;”(在“类型”的前面)
     1>cff.c(32): error C2065: “j”: 未声明的标识符
     1>cff.c(32): warning C4552: “<”: 运算符不起任何作用；应输入带副作用的运算符
     1>cff.c(32): error C2065: “j”: 未声明的标识符
     1>cff.c(32): error C2059: 语法错误:“)”
     1>cff.c(32): error C2143: 语法错误 : 缺少“;”(在“{”的前面)
     1>cff.c(33): error C2065: “j”: 未声明的标识符
     1>cff.c(37): error C2143: 语法错误 : 缺少“;”(在“类型”的前面)
     1>cff.c(37): error C2143: 语法错误 : 缺少“;”(在“类型”的前面)
     1>cff.c(37): error C2143: 语法错误 : 缺少“)”(在“类型”的前面)
     1>cff.c(37): error C2143: 语法错误 : 缺少“;”(在“类型”的前面)
     1>cff.c(37): error C2065: “t”: 未声明的标识符
     1>cff.c(37): warning C4552: “<”: 运算符不起任何作用；应输入带副作用的运算符
     1>cff.c(37): error C2065: “t”: 未声明的标识符
     1>cff.c(37): error C2059: 语法错误:“)”
     1>cff.c(37): error C2143: 语法错误 : 缺少“;”(在“{”的前面)
     1>cff.c(38): error C2065: “t”: 未声明的标识符
     1>cff.c(38): error C2065: “t”: 未声明的标识符
     1>cff.c(39): error C2065: “t”: 未声明的标识符
     1>cff.c(40): error C2065: “t”: 未声明的标识符
     1>cff.c(41): error C2065: “t”: 未声明的标识符
     1>已完成生成项目“D:\projrckts\hello\hello\hello.vcxproj”(build 个目标)的操作 - 失败。

生成失败。

已用时间 00:00:00.31
